// Vitest Snapshot v1, https://vitest.dev/guide/snapshot.html

exports[`math addition 1`] = `20`;
